2026-05-26T22:10:37+01:00
Linux pileofshit 7.0.10-1-cachyos #1 SMP PREEMPT_DYNAMIC Sun, 24 May 2026 14:29:40 +0000 x86_64 GNU/Linux
rustc 1.95.0 (59807616e 2026-04-14)
cargo 1.95.0 (f2d3ce0bd 2026-03-21)
Tue May 26 22:10:37 2026       
+-----------------------------------------------------------------------------------------+
| NVIDIA-SMI 595.71.05              Driver Version: 595.71.05      CUDA Version: 13.2     |
+-----------------------------------------+------------------------+----------------------+
| GPU  Name                 Persistence-M | Bus-Id          Disp.A | Volatile Uncorr. ECC |
| Fan  Temp   Perf          Pwr:Usage/Cap |           Memory-Usage | GPU-Util  Compute M. |
|                                         |                        |               MIG M. |
|=========================================+========================+======================|
|   0  NVIDIA GeForce RTX 3060 ...    Off |   00000000:01:00.0  On |                  N/A |
| N/A   46C    P5             16W /  140W |     690MiB /   6144MiB |     20%      Default |
|                                         |                        |                  N/A |
+-----------------------------------------+------------------------+----------------------+

+-----------------------------------------------------------------------------------------+
| Processes:                                                                              |
|  GPU   GI   CI              PID   Type   Process name                        GPU Memory |
|        ID   ID                                                               Usage      |
|=========================================================================================|
|    0   N/A  N/A            1085      G   /usr/lib/Xorg                            21MiB |
|    0   N/A  N/A            1626      G   Hyprland                                164MiB |
|    0   N/A  N/A            1677    C+G   swaync                                   22MiB |
|    0   N/A  N/A            1685    C+G   hyprshell                                22MiB |
|    0   N/A  N/A            1732      G   Xwayland                                  2MiB |
|    0   N/A  N/A          529556      G   ...rack-uuid=3190709038786215038         92MiB |
|    0   N/A  N/A          595143      G   /opt/t3code-bin/t3code                   82MiB |
|    0   N/A  N/A          613047      G   kitty                                    34MiB |
+-----------------------------------------------------------------------------------------+
nvcc: NVIDIA (R) Cuda compiler driver
Copyright (c) 2005-2026 NVIDIA Corporation
Built on Thu_Mar_19_11:12:51_PM_PDT_2026
Cuda compilation tools, release 13.2, V13.2.78
Build cuda_13.2.r13.2/compiler.37668154_0
